gavrasm Gerd's AVR assembler version 3.3 (C)2012 by DG4FAC
----------------------------------------------------------
Fichier source: test.asm
Fichier hex : test.hex
Fichier Eeprom : test.eep
Compile : 22.03.2021, 14:59:44
Passe :        2
     1: .equ DDRA = 0x01
     2: .equ PORTA = 0x02
     3: 
     4: .equ DDRB = 0x04
     5: .equ PORTB = 0x05
     6: 
     7: .equ DDRD = 0x0A
     8: .equ PORTD = 0x0B
     9: 
    10: .equ EIMSK = 0x3D
    11: .equ EICRA = 0x69
    12: 
    13: .org 0x0000
    14: 000000   940C  JMP debut
        000001   0080
    15: 
    16: ; vecteur interupt INT0
    17: .org 0x0002
    18: 000002   940C  JMP IRQ_H
        000003   0098
    19: ; vecteur interupt INT1
    20: .org 0x0004
    21: 000004   940C  JMP IRQ_antiH
        000005   009D
    22: 
    23: .org 0x0080
    24: 
    25: debut:
    26:     ; 	DDRA@IO <- 0xFF
    27: 000080   EF0F  LDI R16,0xFF
    28: 000081   B901  OUT DDRA,R16
    29: 
    30:     ; 	DDRB@IO <- 0xFF
    31: 000082   EF0F  LDI R16,0xFF
    32: 000083   B904  OUT DDRB,R16
    33: 
    34: 
    35:     ; 	EIMSK <- 0x03
    36: 000084   E003  LDI R16,0x03
    37: 000085   9300  STS EIMSK,R16
        000086   003D
    38: 
    39:     ; 	EICRA <- 0x0F
    40: 000087   E00F  LDI R16,0x0F
    41: 000088   9300  STS EICRA,R16
        000089   0069
    42: 
    43: 
    44:     ; 	PORTA@IO <- 0x00
    45: 00008A   E000  LDI R16,0x00
    46: 00008B   B902  OUT PORTA,R16
    47: 
    48:     ; 	PORTB@IO <- 0x00
    49: 00008C   E000  LDI R16,0x00
    50: 00008D   B905  OUT PORTB,R16
    51: 
    52: 
    53: 00008E   E021  LDI r18,0x01
    54: 00008F   2733  CLR r19
    55: 
    56: 000090   9478  SEI
    57: 
    58:     ; 	PORTA@IO <- r18
    59: 000091   2F02  MOV R16,R18
    60: 000092   B902  OUT PORTA,R16
    61: 
    62:     ; 	PORTB@IO <- r19
    63: 000093   2F03  MOV R16,R19
    64: 000094   B905  OUT PORTB,R16
    65: 
    66: 
    67: boucle:
    68: 000095   9588  SLEEP
    69: 000096   940C  JMP boucle
        000097   0095
    70: 
    71: IRQ_H:
    72:     ; 	PORTA@IO <- 0xFF
    73: 000098   EF0F  LDI R16,0xFF
    74: 000099   B902  OUT PORTA,R16
    75: 
    76:     ; 	PORTB@IO <- 0x00
    77: 00009A   E000  LDI R16,0x00
    78: 00009B   B905  OUT PORTB,R16
    79: 
    80: 00009C   9518  RETI
    81: 
    82: IRQ_antiH:
    83:     ; 	PORTA@IO <- 0x00
    84: 00009D   E000  LDI R16,0x00
    85: 00009E   B902  OUT PORTA,R16
    86: 
    87:     ; 	PORTB@IO <- 0xFF
    88: 00009F   EF0F  LDI R16,0xFF
    89: 0000A0   B905  OUT PORTB,R16
    90: 
    91: 0000A1   9518  reti
 -> Attention 006: Le materiel n'est pas specfie, le code ne sera pas verifie !
 -> Attention 010: Jeu d'instructions peu clair, pas de documentation !
 -> Attention 001: 2 symbole(s) defini mais inutilise !

Programme              :       40 words.
Constantes             :        0 words.
Memoire totale occupee :       40 words.
Taille en  Eeprom      :        0 bytes.
Segment de donnees     :        0 bytes.
Compilation terminee, pas d'erreur.
Compilation terminee 22.03.2021, 14:59:44
